// Jest Snapshot v1, https://goo.gl/fbAQLP

exports[`Spinner component renders correctly should render Spinner 1`] = `
<div
  className="center"
>
  <div
    className="loadingio-spinner-double-ring-06ffj4bbadfx"
  >
    <div
      className="ldio-bq9h1bvhxtj"
    >
      <div />
      <div />
      <div>
        <div />
      </div>
      <div>
        <div />
      </div>
    </div>
  </div>
</div>
`;
